// Vitest Snapshot v1

exports[`PostsPage > should render correctly 1`] = `
<main
  class="py-20 px-10 md:px-24 lg:px-40 xl:px-52 flex flex-col items-center justify-center"
>
  <h1
    class="text-2xl font-semibold tracking-wider text-violet-500"
  >
    Post List
  </h1>
  <button
    class="my-5"
  >
    Add Post
  </button>
  <section
    class="w-full gap-4 grid grid-cols-1 sm:grid-cols-2 md:grid-cols-2 lg:grid-cols-3 xl:grid-cols-4"
  >
    
    
  </section>
</main>
`;
